Collecting ipykernel
  Downloading ipykernel-7.3.0-py3-none-any.whl.metadata (4.5 kB)
Collecting comm>=0.1.1 (from ipykernel)
  Downloading comm-0.2.3-py3-none-any.whl.metadata (3.7 kB)
Requirement already satisfied: debugpy>=1.6.5 in /home/edgardo.callagon.jr/.conda/envs/onit/lib/python3.12/site-packages (from ipykernel) (1.8.21)
Collecting ipython>=7.23.1 (from ipykernel)
  Downloading ipython-9.17.0-py3-none-any.whl.metadata (4.6 kB)
Requirement already satisfied: jupyter-client>=8.9.0 in /home/edgardo.callagon.jr/.conda/envs/onit/lib/python3.12/site-packages (from ipykernel) (8.10.0)
Requirement already satisfied: jupyter-core!=6.0.*,>=5.1 in /home/edgardo.callagon.jr/.conda/envs/onit/lib/python3.12/site-packages (from ipykernel) (5.9.1)
Collecting matplotlib-inline>=0.1 (from ipykernel)
  Downloading matplotlib_inline-0.2.2-py3-none-any.whl.metadata (2.4 kB)
Requirement already satisfied: nest-asyncio2>=1.7.0 in /home/edgardo.callagon.jr/.conda/envs/onit/lib/python3.12/site-packages (from ipykernel) (1.7.2)
Requirement already satisfied: packaging>=22 in /home/edgardo.callagon.jr/.conda/envs/onit/lib/python3.12/site-packages (from ipykernel) (26.3)
Requirement already satisfied: psutil>=5.7 in /home/edgardo.callagon.jr/.conda/envs/onit/lib/python3.12/site-packages (from ipykernel) (7.2.2)
Requirement already satisfied: pyzmq>=25 in /home/edgardo.callagon.jr/.conda/envs/onit/lib/python3.12/site-packages (from ipykernel) (27.2.0)
Requirement already satisfied: tornado>=6.4.1 in /home/edgardo.callagon.jr/.conda/envs/onit/lib/python3.12/site-packages (from ipykernel) (6.5.8)
Requirement already satisfied: traitlets>=5.4.0 in /home/edgardo.callagon.jr/.conda/envs/onit/lib/python3.12/site-packages (from ipykernel) (5.16.1)
Collecting ipython-pygments-lexers>=1.0.0 (from ipython>=7.23.1->ipykernel)
  Downloading ipython_pygments_lexers-1.1.1-py3-none-any.whl.metadata (1.1 kB)
Collecting jedi>=0.18.2 (from ipython>=7.23.1->ipykernel)
  Downloading jedi-0.20.0-py2.py3-none-any.whl.metadata (23 kB)
Collecting pexpect>4.6 (from ipython>=7.23.1->ipykernel)
  Downloading pexpect-4.9.0-py2.py3-none-any.whl.metadata (2.5 kB)
Collecting prompt_toolkit<3.1.0,>=3.0.41 (from ipython>=7.23.1->ipykernel)
  Downloading prompt_toolkit-3.0.53-py3-none-any.whl.metadata (6.4 kB)
Requirement already satisfied: pygments>=2.14.0 in /home/edgardo.callagon.jr/.conda/envs/onit/lib/python3.12/site-packages (from ipython>=7.23.1->ipykernel) (2.21.0)
Collecting stack_data>=0.6.0 (from ipython>=7.23.1->ipykernel)
  Downloading stack_data-0.6.3-py3-none-any.whl.metadata (18 kB)
Collecting wcwidth>=0.1.4 (from prompt_toolkit<3.1.0,>=3.0.41->ipython>=7.23.1->ipykernel)
  Downloading wcwidth-0.8.3-py3-none-any.whl.metadata (43 kB)
Collecting parso<0.9.0,>=0.8.6 (from jedi>=0.18.2->ipython>=7.23.1->ipykernel)
  Downloading parso-0.8.7-py2.py3-none-any.whl.metadata (8.2 kB)
Requirement already satisfied: python-dateutil>=2.8.2 in /home/edgardo.callagon.jr/.conda/envs/onit/lib/python3.12/site-packages (from jupyter-client>=8.9.0->ipykernel) (2.9.0.post0)
Requirement already satisfied: typing-extensions>=4.13.0 in /home/edgardo.callagon.jr/.conda/envs/onit/lib/python3.12/site-packages (from jupyter-client>=8.9.0->ipykernel) (4.16.0)
Requirement already satisfied: platformdirs>=2.5 in /home/edgardo.callagon.jr/.conda/envs/onit/lib/python3.12/site-packages (from jupyter-core!=6.0.*,>=5.1->ipykernel) (4.11.5)
Collecting ptyprocess>=0.5 (from pexpect>4.6->ipython>=7.23.1->ipykernel)
  Downloading ptyprocess-0.7.0-py2.py3-none-any.whl.metadata (1.3 kB)
Requirement already satisfied: six>=1.5 in /home/edgardo.callagon.jr/.conda/envs/onit/lib/python3.12/site-packages (from python-dateutil>=2.8.2->jupyter-client>=8.9.0->ipykernel) (1.17.0)
Collecting executing>=1.2.0 (from stack_data>=0.6.0->ipython>=7.23.1->ipykernel)
  Downloading executing-2.2.1-py2.py3-none-any.whl.metadata (8.9 kB)
Collecting asttokens>=2.1.0 (from stack_data>=0.6.0->ipython>=7.23.1->ipykernel)
  Downloading asttokens-3.0.2-py3-none-any.whl.metadata (5.7 kB)
Collecting pure-eval (from stack_data>=0.6.0->ipython>=7.23.1->ipykernel)
  Downloading pure_eval-0.2.3-py3-none-any.whl.metadata (6.3 kB)
Downloading ipykernel-7.3.0-py3-none-any.whl (120 kB)
Downloading comm-0.2.3-py3-none-any.whl (7.3 kB)
Downloading ipython-9.17.0-py3-none-any.whl (638 kB)
   ━━━━━━━━━━━━━━━━━━━━━━━━━━━━━━━━━━━━━━━━ 638.7/638.7 kB 4.2 MB/s  0:00:00
Downloading prompt_toolkit-3.0.53-py3-none-any.whl (392 kB)
Downloading ipython_pygments_lexers-1.1.1-py3-none-any.whl (8.1 kB)
Downloading jedi-0.20.0-py2.py3-none-any.whl (4.9 MB)
   ━━━━━━━━━━━━━━━━━━━━━━━━━━━━━━━━━━━━━━━━ 4.9/4.9 MB 34.0 MB/s  0:00:00
Downloading parso-0.8.7-py2.py3-none-any.whl (107 kB)
Downloading matplotlib_inline-0.2.2-py3-none-any.whl (9.5 kB)
Downloading pexpect-4.9.0-py2.py3-none-any.whl (63 kB)
Downloading ptyprocess-0.7.0-py2.py3-none-any.whl (13 kB)
Downloading stack_data-0.6.3-py3-none-any.whl (24 kB)
Downloading asttokens-3.0.2-py3-none-any.whl (28 kB)
Downloading executing-2.2.1-py2.py3-none-any.whl (28 kB)
Downloading wcwidth-0.8.3-py3-none-any.whl (331 kB)
Downloading pure_eval-0.2.3-py3-none-any.whl (11 kB)
Installing collected packages: pure-eval, ptyprocess, wcwidth, pexpect, parso, matplotlib-inline, ipython-pygments-lexers, executing, comm, asttokens, stack_data, prompt_toolkit, jedi, ipython, ipykernel

Successfully installed asttokens-3.0.2 comm-0.2.3 executing-2.2.1 ipykernel-7.3.0 ipython-9.17.0 ipython-pygments-lexers-1.1.1 jedi-0.20.0 matplotlib-inline-0.2.2 parso-0.8.7 pexpect-4.9.0 prompt_toolkit-3.0.53 ptyprocess-0.7.0 pure-eval-0.2.3 stack_data-0.6.3 wcwidth-0.8.3
IK_EXIT=0
