[IPKernelApp] WARNING | Kernel is running over TCP without encryption. All communication (including code and outputs) is sent in plain text and is susceptible to eavesdropping. Use IPC transport or launch with kernel manager-provisioned CurveZMQ keys to enable transport encryption.


========== EXECUTION OUTPUT CAPTURE ==========
Device: cpu | torch: 2.13.0+cpu
Train: (60000, 1, 28, 28) (60000,)
Test : (10000, 1, 28, 28) (10000,)
Label range: 0 - 9
Model created on cpu. Total learnable parameters: 23,946
Parameters:
  w1     (16, 1, 3, 3)
  b1     (16,)
  w2     (32, 16, 3, 3)
  b2     (32,)
  w3     (64, 32, 3, 3)
  b3     (64,)
  fw     (10, 64)
  fb     (10,)
Optimizer: Adam(lr=1e-3) | Batch size: 128 | Steps/epoch: 469
Epoch 1/5 | train loss: 0.9723 | train acc: 0.6954
Epoch 2/5 | train loss: 0.3121 | train acc: 0.9083
Epoch 3/5 | train loss: 0.2321 | train acc: 0.9304
Epoch 4/5 | train loss: 0.1953 | train acc: 0.9421
Epoch 5/5 | train loss: 0.1688 | train acc: 0.9491

Training complete.

===== TEST RESULT =====
Test samples : 10000
Correct      : 9595
TEST ACCURACY: 0.9595  (95.95%)
Sample (ground-truth, predicted) pairs:
[(5, 5), (1, 1), (5, 5), (4, 4), (9, 9), (3, 3), (6, 6), (4, 4), (3, 3), (7, 7), (7, 7), (5, 5), (0, 0), (1, 1), (2, 2), (2, 2)]
Correct in this sample: 16/16
==================================================
AI231 ME1 — 3-Layer CNN (tensor ops only) — SUMMARY
==================================================
Architecture : Conv1(1->16,3x3)+ReLU+MP2 -> Conv2(16->32,3x3)+ReLU+MP2
               -> Conv3(32->64,3x3)+ReLU+GAP -> FC(64->10)
Param counts :
   w1     (16, 1, 3, 3)  (144)
   b1     (16,)  (16)
   w2     (32, 16, 3, 3)  (4,608)
   b2     (32,)  (32)
   w3     (64, 32, 3, 3)  (18,432)
   b3     (64,)  (64)
   fw     (10, 64)  (640)
   fb     (10,)  (10)
Total params : 23,946
Training     : 5 epochs, batch 128, Adam lr=1e-3, CrossEntropy
Per-epoch log:
   Epoch 1: loss=0.9723  acc=0.6954
   Epoch 2: loss=0.3121  acc=0.9083
   Epoch 3: loss=0.2321  acc=0.9304
   Epoch 4: loss=0.1953  acc=0.9421
   Epoch 5: loss=0.1688  acc=0.9491
TEST ACCURACY: 0.9595 (95.95%)
==================================================
RUN_EXIT=0
