Looking in indexes: https://download.pytorch.org/whl/cpu
Collecting torchvision
  Downloading torchvision-0.28.0%2Bcpu-cp312-cp312-manylinux_2_28_x86_64.whl.metadata (5.6 kB)
Requirement already satisfied: numpy in /home/edgardo.callagon.jr/.conda/envs/onit/lib/python3.12/site-packages (from torchvision) (2.5.2)
Requirement already satisfied: torch==2.13.0 in /home/edgardo.callagon.jr/.conda/envs/onit/lib/python3.12/site-packages (from torchvision) (2.13.0+cpu)
Requirement already satisfied: pillow!=8.3.*,>=5.3.0 in /home/edgardo.callagon.jr/.conda/envs/onit/lib/python3.12/site-packages (from torchvision) (12.3.0)
Requirement already satisfied: filelock in /home/edgardo.callagon.jr/.conda/envs/onit/lib/python3.12/site-packages (from torch==2.13.0->torchvision) (3.32.4)
Requirement already satisfied: typing-extensions>=4.10.0 in /home/edgardo.callagon.jr/.conda/envs/onit/lib/python3.12/site-packages (from torch==2.13.0->torchvision) (4.16.0)
Requirement already satisfied: setuptools>=77.0.3 in /home/edgardo.callagon.jr/.conda/envs/onit/lib/python3.12/site-packages (from torch==2.13.0->torchvision) (83.0.0)
Requirement already satisfied: sympy>=1.13.3 in /home/edgardo.callagon.jr/.conda/envs/onit/lib/python3.12/site-packages (from torch==2.13.0->torchvision) (1.14.0)
Requirement already satisfied: networkx>=2.5.1 in /home/edgardo.callagon.jr/.conda/envs/onit/lib/python3.12/site-packages (from torch==2.13.0->torchvision) (3.6.1)
Requirement already satisfied: jinja2 in /home/edgardo.callagon.jr/.conda/envs/onit/lib/python3.12/site-packages (from torch==2.13.0->torchvision) (3.1.6)
Requirement already satisfied: fsspec>=0.8.5 in /home/edgardo.callagon.jr/.conda/envs/onit/lib/python3.12/site-packages (from torch==2.13.0->torchvision) (2025.9.0)
Requirement already satisfied: mpmath<1.4,>=1.1.0 in /home/edgardo.callagon.jr/.conda/envs/onit/lib/python3.12/site-packages (from sympy>=1.13.3->torch==2.13.0->torchvision) (1.3.0)
Requirement already satisfied: MarkupSafe>=2.0 in /home/edgardo.callagon.jr/.conda/envs/onit/lib/python3.12/site-packages (from jinja2->torch==2.13.0->torchvision) (3.0.3)
Downloading torchvision-0.28.0%2Bcpu-cp312-cp312-manylinux_2_28_x86_64.whl (1.8 MB)
   ━━━━━━━━━━━━━━━━━━━━━━━━━━━━━━━━━━━━━━━━ 1.8/1.8 MB 8.5 MB/s  0:00:00
Installing collected packages: torchvision
Successfully installed torchvision-0.28.0+cpu
TV_EXIT=0
