Looking in indexes: https://download.pytorch.org/whl/cpu
Collecting torch
  Downloading torch-2.13.0%2Bcpu-cp312-cp312-manylinux_2_28_x86_64.whl.metadata (37 kB)
Requirement already satisfied: filelock in /home/edgardo.callagon.jr/.conda/envs/onit/lib/python3.12/site-packages (from torch) (3.32.4)
Requirement already satisfied: typing-extensions>=4.10.0 in /home/edgardo.callagon.jr/.conda/envs/onit/lib/python3.12/site-packages (from torch) (4.16.0)
Requirement already satisfied: setuptools>=77.0.3 in /home/edgardo.callagon.jr/.conda/envs/onit/lib/python3.12/site-packages (from torch) (83.0.0)
Collecting sympy>=1.13.3 (from torch)
  Downloading sympy-1.14.0-py3-none-any.whl.metadata (12 kB)
Collecting networkx>=2.5.1 (from torch)
  Downloading networkx-3.6.1-py3-none-any.whl.metadata (6.8 kB)
Requirement already satisfied: jinja2 in /home/edgardo.callagon.jr/.conda/envs/onit/lib/python3.12/site-packages (from torch) (3.1.6)
Requirement already satisfied: fsspec>=0.8.5 in /home/edgardo.callagon.jr/.conda/envs/onit/lib/python3.12/site-packages (from torch) (2025.9.0)
Collecting mpmath<1.4,>=1.1.0 (from sympy>=1.13.3->torch)
  Downloading mpmath-1.3.0-py3-none-any.whl.metadata (8.6 kB)
Requirement already satisfied: MarkupSafe>=2.0 in /home/edgardo.callagon.jr/.conda/envs/onit/lib/python3.12/site-packages (from jinja2->torch) (3.0.3)
Downloading torch-2.13.0%2Bcpu-cp312-cp312-manylinux_2_28_x86_64.whl (191.8 MB)
   ━━━━━━━━━━━━━━━━━━━━━━━━━━━━━━━━━━━━━━━━ 191.8/191.8 MB 87.9 MB/s  0:00:02
Downloading networkx-3.6.1-py3-none-any.whl (2.1 MB)
   ━━━━━━━━━━━━━━━━━━━━━━━━━━━━━━━━━━━━━━━━ 2.1/2.1 MB 21.3 MB/s  0:00:00
Downloading sympy-1.14.0-py3-none-any.whl (6.3 MB)
   ━━━━━━━━━━━━━━━━━━━━━━━━━━━━━━━━━━━━━━━━ 6.3/6.3 MB 34.2 MB/s  0:00:00
Downloading mpmath-1.3.0-py3-none-any.whl (536 kB)
   ━━━━━━━━━━━━━━━━━━━━━━━━━━━━━━━━━━━━━━━━ 536.2/536.2 kB 4.4 MB/s  0:00:00
Installing collected packages: mpmath, sympy, networkx, torch

Successfully installed mpmath-1.3.0 networkx-3.6.1 sympy-1.14.0 torch-2.13.0+cpu
Collecting einops
  Downloading einops-0.8.2-py3-none-any.whl.metadata (13 kB)
Requirement already satisfied: numpy in /home/edgardo.callagon.jr/.conda/envs/onit/lib/python3.12/site-packages (2.5.2)
Collecting matplotlib
  Downloading matplotlib-3.11.1-cp312-cp312-manylinux2014_x86_64.manylinux_2_17_x86_64.whl.metadata (80 kB)
Collecting nbformat
  Downloading nbformat-5.11.1-py3-none-any.whl.metadata (3.7 kB)
Collecting nbclient
  Downloading nbclient-0.11.0-py3-none-any.whl.metadata (7.3 kB)
Collecting contourpy>=1.0.1 (from matplotlib)
  Downloading contourpy-1.3.3-cp312-cp312-manylinux_2_27_x86_64.manylinux_2_28_x86_64.whl.metadata (5.5 kB)
Collecting cycler>=0.10 (from matplotlib)
  Downloading cycler-0.12.1-py3-none-any.whl.metadata (3.8 kB)
Collecting fonttools>=4.28.2 (from matplotlib)
  Downloading fonttools-4.63.0-cp312-cp312-manylinux2014_x86_64.manylinux_2_17_x86_64.whl.metadata (118 kB)
Collecting kiwisolver>=1.3.1 (from matplotlib)
  Downloading kiwisolver-1.5.1-cp312-cp312-manylinux2014_x86_64.manylinux_2_17_x86_64.whl.metadata (5.2 kB)
Requirement already satisfied: packaging>=20.0 in /home/edgardo.callagon.jr/.conda/envs/onit/lib/python3.12/site-packages (from matplotlib) (26.3)
Requirement already satisfied: pillow>=9 in /home/edgardo.callagon.jr/.conda/envs/onit/lib/python3.12/site-packages (from matplotlib) (12.3.0)
Collecting pyparsing>=3 (from matplotlib)
  Downloading pyparsing-3.3.2-py3-none-any.whl.metadata (5.8 kB)
Requirement already satisfied: python-dateutil>=2.7 in /home/edgardo.callagon.jr/.conda/envs/onit/lib/python3.12/site-packages (from matplotlib) (2.9.0.post0)
Collecting fastjsonschema>=2.15 (from nbformat)
  Downloading fastjsonschema-2.22.2-py3-none-any.whl.metadata (2.1 kB)
Requirement already satisfied: jsonschema>=2.6 in /home/edgardo.callagon.jr/.conda/envs/onit/lib/python3.12/site-packages (from nbformat) (4.26.0)
Collecting jupyter-core!=5.0.*,>=4.12 (from nbformat)
  Downloading jupyter_core-5.9.1-py3-none-any.whl.metadata (1.5 kB)
Collecting traitlets>=5.1 (from nbformat)
  Downloading traitlets-5.16.1-py3-none-any.whl.metadata (10 kB)
Collecting jupyter-client>=7.0.0 (from nbclient)
  Downloading jupyter_client-8.10.0-py3-none-any.whl.metadata (8.5 kB)
Requirement already satisfied: attrs>=22.2.0 in /home/edgardo.callagon.jr/.conda/envs/onit/lib/python3.12/site-packages (from jsonschema>=2.6->nbformat) (26.1.0)
Requirement already satisfied: jsonschema-specifications>=2023.03.6 in /home/edgardo.callagon.jr/.conda/envs/onit/lib/python3.12/site-packages (from jsonschema>=2.6->nbformat) (2025.9.1)
Requirement already satisfied: referencing>=0.28.4 in /home/edgardo.callagon.jr/.conda/envs/onit/lib/python3.12/site-packages (from jsonschema>=2.6->nbformat) (0.37.0)
Requirement already satisfied: rpds-py>=0.25.0 in /home/edgardo.callagon.jr/.conda/envs/onit/lib/python3.12/site-packages (from jsonschema>=2.6->nbformat) (2026.6.3)
Collecting pyzmq>=25.0 (from jupyter-client>=7.0.0->nbclient)
  Downloading pyzmq-27.2.0-cp312-abi3-manylinux_2_26_x86_64.manylinux_2_28_x86_64.whl.metadata (3.8 kB)
Collecting tornado>=6.4.1 (from jupyter-client>=7.0.0->nbclient)
  Downloading tornado-6.5.8-cp39-abi3-manylinux1_x86_64.manylinux_2_28_x86_64.manylinux_2_5_x86_64.whl.metadata (2.8 kB)
Requirement already satisfied: typing-extensions>=4.13.0 in /home/edgardo.callagon.jr/.conda/envs/onit/lib/python3.12/site-packages (from jupyter-client>=7.0.0->nbclient) (4.16.0)
Requirement already satisfied: platformdirs>=2.5 in /home/edgardo.callagon.jr/.conda/envs/onit/lib/python3.12/site-packages (from jupyter-core!=5.0.*,>=4.12->nbformat) (4.11.5)
Requirement already satisfied: six>=1.5 in /home/edgardo.callagon.jr/.conda/envs/onit/lib/python3.12/site-packages (from python-dateutil>=2.7->matplotlib) (1.17.0)
Downloading einops-0.8.2-py3-none-any.whl (65 kB)
Downloading matplotlib-3.11.1-cp312-cp312-manylinux2014_x86_64.manylinux_2_17_x86_64.whl (10.0 MB)
   ━━━━━━━━━━━━━━━━━━━━━━━━━━━━━━━━━━━━━━━━ 10.0/10.0 MB 63.0 MB/s  0:00:00
Downloading nbformat-5.11.1-py3-none-any.whl (79 kB)
Downloading nbclient-0.11.0-py3-none-any.whl (25 kB)
Downloading contourpy-1.3.3-cp312-cp312-manylinux_2_27_x86_64.manylinux_2_28_x86_64.whl (362 kB)
Downloading cycler-0.12.1-py3-none-any.whl (8.3 kB)
Downloading fastjsonschema-2.22.2-py3-none-any.whl (27 kB)
Downloading fonttools-4.63.0-cp312-cp312-manylinux2014_x86_64.manylinux_2_17_x86_64.whl (5.0 MB)
   ━━━━━━━━━━━━━━━━━━━━━━━━━━━━━━━━━━━━━━━━ 5.0/5.0 MB 50.6 MB/s  0:00:00
Downloading jupyter_client-8.10.0-py3-none-any.whl (110 kB)
Downloading jupyter_core-5.9.1-py3-none-any.whl (29 kB)
Downloading kiwisolver-1.5.1-cp312-cp312-manylinux2014_x86_64.manylinux_2_17_x86_64.whl (1.5 MB)
   ━━━━━━━━━━━━━━━━━━━━━━━━━━━━━━━━━━━━━━━━ 1.5/1.5 MB 21.0 MB/s  0:00:00
Downloading pyparsing-3.3.2-py3-none-any.whl (122 kB)
Downloading pyzmq-27.2.0-cp312-abi3-manylinux_2_26_x86_64.manylinux_2_28_x86_64.whl (872 kB)
   ━━━━━━━━━━━━━━━━━━━━━━━━━━━━━━━━━━━━━━━━ 872.3/872.3 kB 13.4 MB/s  0:00:00
Downloading tornado-6.5.8-cp39-abi3-manylinux1_x86_64.manylinux_2_28_x86_64.manylinux_2_5_x86_64.whl (450 kB)
Downloading traitlets-5.16.1-py3-none-any.whl (86 kB)
Installing collected packages: traitlets, tornado, pyzmq, pyparsing, kiwisolver, fonttools, fastjsonschema, einops, cycler, contourpy, matplotlib, jupyter-core, jupyter-client, nbformat, nbclient

Successfully installed contourpy-1.3.3 cycler-0.12.1 einops-0.8.2 fastjsonschema-2.22.2 fonttools-4.63.0 jupyter-client-8.10.0 jupyter-core-5.9.1 kiwisolver-1.5.1 matplotlib-3.11.1 nbclient-0.11.0 nbformat-5.11.1 pyparsing-3.3.2 pyzmq-27.2.0 tornado-6.5.8 traitlets-5.16.1
PIP_DONE_EXIT=0
